// Vitest Snapshot v1, https://vitest.dev/guide/snapshot.html

exports[`<Alert/> > should match with snapshot 1`] = `
<div>
  <div
    class="bg-red-500 text-white p-4 rounded-lg"
  >
    <p>
      Im baby try-hard keytar kombucha cardigan selvage
    </p>
  </div>
</div>
`;
